src/testfacts.c 3: Alpha facts check started
[1;31msrc/testfacts.c/Alpha 4: 'c' {=c} <= 'b' {=b} is fiction[0m
[1;32mDebug facts_Alpha_function on line 3 of file src/testfacts.c with a breakpoint on line 4. For example in gdb:[0m
break facts_Alpha_function
break "src/testfacts.c":4
run --facts_include Alpha
continue
print 'c'
print 'b'
print ('c') <= ('b')

src/testfacts.c 3: Alpha facts check ended [1;31mbadly[0m
src/testfacts.c 7: Integer facts check started
[1;31msrc/testfacts.c/Integer 9: a {=1} == b {=2} is fiction[0m
[1;32mDebug facts_Integer_function on line 7 of file src/testfacts.c with a breakpoint on line 9. For example in gdb:[0m
break facts_Integer_function
break "src/testfacts.c":9
run --facts_include Integer
continue
print a
print b
print (a) == (b)

src/testfacts.c 7: Integer facts check ended [1;31mbadly[0m
src/testfacts.c 12: Double facts check started
[1;31msrc/testfacts.c/Double 14: a {=1.3} == b {=2.4} is fiction[0m
[1;32mDebug facts_Double_function on line 12 of file src/testfacts.c with a breakpoint on line 14. For example in gdb:[0m
break facts_Double_function
break "src/testfacts.c":14
run --facts_include Double
continue
print a
print b
print (a) == (b)

src/testfacts.c 12: Double facts check ended [1;31mbadly[0m
src/testfacts.c 17: Err facts check started
src/testfacts.c 17: Err facts check ended
src/testfacts.c 21: LargeErr facts check started
src/testfacts.c 21: LargeErr facts check ended
src/testfacts.c 27: Out facts check started
message to stderr.
src/testfacts.c 27: Out facts check ended
facts summary.
facts check Err [1;32mpassed[0m
facts check LargeErr [1;32mpassed[0m
facts check Out [1;32mpassed[0m
facts check Alpha [1;31mfailed[0m
facts check Integer [1;31mfailed[0m
facts check Double [1;31mfailed[0m
0 (0.0%) truths and 3 (100.0%) fictions checked.
